// Jest Snapshot v1, https://goo.gl/fbAQLP

exports[`Home component should should match the snapshot 1`] = `
<div>
  <div
    class="product-container"
    data-testid="product-list"
  >
    <div
      class="product-type"
    >
      MOCK CATEGORY 1
    </div>
    <div
      class="product-list"
    >
      <div
        class="product"
        data-testid="product-test"
      >
        <div
          class="product-image-div"
        >
          <img
            alt="image of grapes"
            class="product-image"
            data-testid="product-img"
            src="assets/images/grapes.jpeg"
          />
        </div>
        <p>
          Fresco
        </p>
        <p>
          MOCK 1
        </p>
        <p>
          1 kg
        </p>
        <div
          class="quantity-placard"
        >
          <p>
            MRP
             
            10
            /-
          </p>
          <div
            class="quantity-control"
            data-testid="quantity-control"
          >
            <p>
              <button
                class="control-button"
                type="button"
              >
                +
              </button>
            </p>
            <p
              class="quantity-in-basket"
            >
              2
               
              in Basket
            </p>
            <p>
              <button
                class="control-button"
                type="button"
              >
                -
              </button>
            </p>
          </div>
        </div>
      </div>
    </div>
  </div>
  <div
    class="product-container"
    data-testid="product-list"
  >
    <div
      class="product-type"
    >
      MOCK CATEGORY 2
    </div>
    <div
      class="product-list"
    >
      <div
        class="product"
        data-testid="product-test"
      >
        <div
          class="product-image-div"
        >
          <img
            alt="image of grapes"
            class="product-image"
            data-testid="product-img"
            src="assets/images/grapes.jpeg"
          />
        </div>
        <p>
          Fresco
        </p>
        <p>
          MOCK 1
        </p>
        <p>
          1 kg
        </p>
        <div
          class="quantity-placard"
        >
          <p>
            MRP
             
            10
            /-
          </p>
          <div
            class="quantity-control"
            data-testid="quantity-control"
          >
            <p>
              <button
                class="control-button"
                type="button"
              >
                +
              </button>
            </p>
            <p
              class="quantity-in-basket"
            >
              2
               
              in Basket
            </p>
            <p>
              <button
                class="control-button"
                type="button"
              >
                -
              </button>
            </p>
          </div>
        </div>
      </div>
    </div>
  </div>
</div>
`;
